cluster_partial_untied cache_build [----------------------------] 3,641,507/600,413,490 tokens tok/s=695,812
cluster_partial_untied cache_build [----------------------------] 7,829,452/600,413,490 tokens tok/s=764,221
cluster_partial_untied cache_build [----------------------------] 13,243,378/600,413,490 tokens tok/s=854,029
cluster_partial_untied cache_build [----------------------------] 19,204,289/600,413,490 tokens tok/s=919,915
cluster_partial_untied cache_build [#---------------------------] 24,589,681/600,413,490 tokens tok/s=941,814
cluster_partial_untied cache_build [#---------------------------] 30,064,613/600,413,490 tokens tok/s=962,151
cluster_partial_untied cache_build [#---------------------------] 35,914,804/600,413,490 tokens tok/s=985,758
cluster_partial_untied cache_build [#---------------------------] 41,436,105/600,413,490 tokens tok/s=999,162
cluster_partial_untied cache_build [##--------------------------] 47,403,728/600,413,490 tokens tok/s=1,010,858
cluster_partial_untied cache_build [##--------------------------] 53,283,233/600,413,490 tokens tok/s=1,020,615
cluster_partial_untied cache_build [##--------------------------] 59,327,925/600,413,490 tokens tok/s=1,029,558
cluster_partial_untied cache_build [###-------------------------] 65,137,923/600,413,490 tokens tok/s=1,035,746
cluster_partial_untied cache_build [###-------------------------] 71,165,658/600,413,490 tokens tok/s=1,042,238
cluster_partial_untied cache_build [###-------------------------] 77,340,952/600,413,490 tokens tok/s=1,049,762
cluster_partial_untied cache_build [###-------------------------] 83,500,621/600,413,490 tokens tok/s=1,055,074
cluster_partial_untied cache_build [####------------------------] 89,304,389/600,413,490 tokens tok/s=1,058,842
cluster_partial_untied cache_build [####------------------------] 94,945,974/600,413,490 tokens tok/s=1,062,069
cluster_partial_untied cache_build [####------------------------] 100,724,677/600,413,490 tokens tok/s=1,063,552
cluster_partial_untied cache_build [####------------------------] 105,721,524/600,413,490 tokens tok/s=1,059,607
cluster_partial_untied cache_build [#####-----------------------] 111,829,224/600,413,490 tokens tok/s=1,063,904
cluster_partial_untied cache_build [#####-----------------------] 117,423,614/600,413,490 tokens tok/s=1,065,840
cluster_partial_untied cache_build [#####-----------------------] 122,844,384/600,413,490 tokens tok/s=1,066,120
cluster_partial_untied cache_build [######----------------------] 128,669,747/600,413,490 tokens tok/s=1,069,121
cluster_partial_untied cache_build [######----------------------] 134,475,205/600,413,490 tokens tok/s=1,071,242
cluster_partial_untied cache_build [######----------------------] 140,322,823/600,413,490 tokens tok/s=1,073,752
cluster_partial_untied cache_build [######----------------------] 146,259,766/600,413,490 tokens tok/s=1,075,350
cluster_partial_untied cache_build [#######---------------------] 151,974,233/600,413,490 tokens tok/s=1,075,440
cluster_partial_untied cache_build [#######---------------------] 157,974,405/600,413,490 tokens tok/s=1,076,460
cluster_partial_untied cache_build [#######---------------------] 164,020,847/600,413,490 tokens tok/s=1,077,297
cluster_partial_untied cache_build [#######---------------------] 169,590,253/600,413,490 tokens tok/s=1,078,420
cluster_partial_untied cache_build [########--------------------] 175,592,907/600,413,490 tokens tok/s=1,079,995
cluster_partial_untied cache_build [########--------------------] 180,111,560/600,413,490 tokens tok/s=1,070,733
cluster_partial_untied cache_build [########--------------------] 183,992,347/600,413,490 tokens tok/s=1,059,943
cluster_partial_untied cache_build [########--------------------] 189,638,755/600,413,490 tokens tok/s=1,059,908
cluster_partial_untied cache_build [#########-------------------] 195,444,637/600,413,490 tokens tok/s=1,061,910
cluster_partial_untied cache_build [#########-------------------] 201,168,341/600,413,490 tokens tok/s=1,063,523
cluster_partial_untied cache_build [#########-------------------] 207,177,835/600,413,490 tokens tok/s=1,065,224
cluster_partial_untied cache_build [#########-------------------] 212,712,606/600,413,490 tokens tok/s=1,065,978
cluster_partial_untied cache_build [##########------------------] 218,138,869/600,413,490 tokens tok/s=1,066,383
cluster_partial_untied cache_build [##########------------------] 223,836,139/600,413,490 tokens tok/s=1,067,859
cluster_partial_untied cache_build [##########------------------] 229,751,704/600,413,490 tokens tok/s=1,069,321
cluster_partial_untied cache_build [##########------------------] 235,135,290/600,413,490 tokens tok/s=1,069,408
cluster_partial_untied cache_build [###########-----------------] 240,987,814/600,413,490 tokens tok/s=1,070,505
cluster_partial_untied cache_build [###########-----------------] 246,936,890/600,413,490 tokens tok/s=1,071,927
cluster_partial_untied cache_build [###########-----------------] 252,340,220/600,413,490 tokens tok/s=1,072,015
cluster_partial_untied cache_build [############----------------] 258,173,443/600,413,490 tokens tok/s=1,071,970
cluster_partial_untied cache_build [############----------------] 263,703,556/600,413,490 tokens tok/s=1,071,904
cluster_partial_untied cache_build [############----------------] 269,273,474/600,413,490 tokens tok/s=1,072,687
cluster_partial_untied cache_build [############----------------] 275,322,806/600,413,490 tokens tok/s=1,073,450
cluster_partial_untied cache_build [#############---------------] 281,316,882/600,413,490 tokens tok/s=1,074,114
cluster_partial_untied cache_build [#############---------------] 286,927,201/600,413,490 tokens tok/s=1,074,079
cluster_partial_untied cache_build [#############---------------] 292,886,873/600,413,490 tokens tok/s=1,074,725
cluster_partial_untied cache_build [#############---------------] 298,661,347/600,413,490 tokens tok/s=1,075,585
cluster_partial_untied cache_build [##############--------------] 304,429,412/600,413,490 tokens tok/s=1,075,392
cluster_partial_untied cache_build [##############--------------] 310,427,887/600,413,490 tokens tok/s=1,077,013
cluster_partial_untied cache_build [##############--------------] 316,177,323/600,413,490 tokens tok/s=1,077,829
cluster_partial_untied cache_build [###############-------------] 322,351,362/600,413,490 tokens tok/s=1,078,328
cluster_partial_untied cache_build [###############-------------] 328,378,784/600,413,490 tokens tok/s=1,079,107
cluster_partial_untied cache_build [###############-------------] 333,972,345/600,413,490 tokens tok/s=1,079,113
cluster_partial_untied cache_build [###############-------------] 339,407,600/600,413,490 tokens tok/s=1,078,798
cluster_partial_untied cache_build [################------------] 344,837,473/600,413,490 tokens tok/s=1,078,121
cluster_partial_untied cache_build [################------------] 350,802,111/600,413,490 tokens tok/s=1,078,087
cluster_partial_untied cache_build [################------------] 355,323,917/600,413,490 tokens tok/s=1,073,727
cluster_partial_untied cache_build [################------------] 359,977,206/600,413,490 tokens tok/s=1,071,207
cluster_partial_untied cache_build [#################-----------] 365,769,669/600,413,490 tokens tok/s=1,071,688
cluster_partial_untied cache_build [#################-----------] 371,432,285/600,413,490 tokens tok/s=1,072,252
cluster_partial_untied cache_build [#################-----------] 377,166,666/600,413,490 tokens tok/s=1,073,099
cluster_partial_untied cache_build [#################-----------] 382,696,867/600,413,490 tokens tok/s=1,073,074
cluster_partial_untied cache_build [##################----------] 388,295,199/600,413,490 tokens tok/s=1,073,175
cluster_partial_untied cache_build [##################----------] 394,135,057/600,413,490 tokens tok/s=1,073,688
cluster_partial_untied cache_build [##################----------] 399,728,529/600,413,490 tokens tok/s=1,074,197
cluster_partial_untied cache_build [##################----------] 405,634,840/600,413,490 tokens tok/s=1,074,660
cluster_partial_untied cache_build [###################---------] 410,960,129/600,413,490 tokens tok/s=1,074,066
cluster_partial_untied cache_build [###################---------] 416,733,552/600,413,490 tokens tok/s=1,073,916
cluster_partial_untied cache_build [###################---------] 422,232,628/600,413,490 tokens tok/s=1,073,368
cluster_partial_untied cache_build [###################---------] 427,668,221/600,413,490 tokens tok/s=1,073,451
cluster_partial_untied cache_build [####################--------] 433,457,657/600,413,490 tokens tok/s=1,074,013
cluster_partial_untied cache_build [####################--------] 439,305,391/600,413,490 tokens tok/s=1,074,782
cluster_partial_untied cache_build [####################--------] 444,747,209/600,413,490 tokens tok/s=1,074,893
cluster_partial_untied cache_build [#####################-------] 450,717,036/600,413,490 tokens tok/s=1,075,883
cluster_partial_untied cache_build [#####################-------] 456,713,745/600,413,490 tokens tok/s=1,076,617
cluster_partial_untied cache_build [#####################-------] 462,357,015/600,413,490 tokens tok/s=1,076,620
cluster_partial_untied cache_build [#####################-------] 468,287,027/600,413,490 tokens tok/s=1,076,908
cluster_partial_untied cache_build [######################------] 474,263,236/600,413,490 tokens tok/s=1,077,468
cluster_partial_untied cache_build [######################------] 479,685,286/600,413,490 tokens tok/s=1,077,152
cluster_partial_untied cache_build [######################------] 485,560,324/600,413,490 tokens tok/s=1,077,740
cluster_partial_untied cache_build [######################------] 491,103,698/600,413,490 tokens tok/s=1,078,014
cluster_partial_untied cache_build [#######################-----] 496,817,109/600,413,490 tokens tok/s=1,077,832
cluster_partial_untied cache_build [#######################-----] 502,100,400/600,413,490 tokens tok/s=1,077,392
cluster_partial_untied cache_build [#######################-----] 508,014,721/600,413,490 tokens tok/s=1,077,610
cluster_partial_untied cache_build [#######################-----] 513,377,122/600,413,490 tokens tok/s=1,077,406
cluster_partial_untied cache_build [########################----] 519,214,263/600,413,490 tokens tok/s=1,078,063
cluster_partial_untied cache_build [########################----] 524,596,139/600,413,490 tokens tok/s=1,077,717
cluster_partial_untied cache_build [########################----] 528,933,322/600,413,490 tokens tok/s=1,075,495
cluster_partial_untied cache_build [########################----] 533,796,214/600,413,490 tokens tok/s=1,074,011
cluster_partial_untied cache_build [#########################---] 539,793,244/600,413,490 tokens tok/s=1,073,917
cluster_partial_untied cache_build [#########################---] 545,680,081/600,413,490 tokens tok/s=1,074,177
cluster_partial_untied cache_build [#########################---] 551,324,441/600,413,490 tokens tok/s=1,074,473
cluster_partial_untied cache_build [#########################---] 557,390,436/600,413,490 tokens tok/s=1,074,924
cluster_partial_untied cache_build [##########################--] 562,954,569/600,413,490 tokens tok/s=1,075,117
cluster_partial_untied cache_build [##########################--] 568,728,531/600,413,490 tokens tok/s=1,075,361
cluster_partial_untied cache_build [##########################--] 573,744,784/600,413,490 tokens tok/s=1,074,267
cluster_partial_untied cache_build [###########################-] 579,594,586/600,413,490 tokens tok/s=1,074,719
cluster_partial_untied cache_build [###########################-] 585,556,820/600,413,490 tokens tok/s=1,075,150
cluster_partial_untied cache_build [###########################-] 591,263,178/600,413,490 tokens tok/s=1,075,631
cluster_partial_untied cache_build [###########################-] 597,016,473/600,413,490 tokens tok/s=1,075,947
