START_ARM architecture=wave seed=23
LOADED_CANDIDATE_IDS path=/home/dev/data/finewebedu_train100014723_val325152_seq10160_gpt2.pt.top32768.pt count=32768
START run=wave_350m_100m_seed23_20260818_203320 device=NVIDIA H100 80GB HBM3 params=350,307,921 seq=10160 batch=8 steps=1230 amp=bf16 compile=True collapsed_conv=True architecture=wave loss_kernel=torch
TRAIN step=1/1230 tokens=81280 loss=10.6215 lr=2e-06 grad=0.682 pure_tok_s=nan roll100_tok_s=nan
TRAIN step=50/1230 tokens=4064000 loss=7.4458 lr=0.0001 grad=2.392 pure_tok_s=149415 roll100_tok_s=149415
TRAIN step=100/1230 tokens=8128000 loss=6.8703 lr=0.0002 grad=2.460 pure_tok_s=148849 roll100_tok_s=148849
TRAIN step=150/1230 tokens=12192000 loss=6.4838 lr=0.000199132 grad=1.058 pure_tok_s=147798 roll100_tok_s=147240
TRAIN step=200/1230 tokens=16256000 loss=6.2778 lr=0.000196544 grad=1.045 pure_tok_s=145825 roll100_tok_s=143349
EVAL_FULL_VOCAB step=246/1230 tokens=19994880 train=6.1401 val_full=6.1275 eval_s=1.3
TRAIN step=250/1230 tokens=20320000 loss=6.3187 lr=0.000192287 grad=1.072 pure_tok_s=146439 roll100_tok_s=144643
TRAIN step=300/1230 tokens=24384000 loss=5.9817 lr=0.000186442 grad=1.078 pure_tok_s=146687 roll100_tok_s=148309
TRAIN step=350/1230 tokens=28448000 loss=5.8286 lr=0.000179122 grad=0.992 pure_tok_s=146007 roll100_tok_s=145004
TRAIN step=400/1230 tokens=32512000 loss=5.8563 lr=0.000170469 grad=1.014 pure_tok_s=145471 roll100_tok_s=142115
TRAIN step=450/1230 tokens=36576000 loss=5.6677 lr=0.00016065 grad=0.797 pure_tok_s=145203 roll100_tok_s=142571
EVAL_FULL_VOCAB step=492/1230 tokens=39989760 train=5.5428 val_full=5.5609 eval_s=1.2
TRAIN step=500/1230 tokens=40640000 loss=5.5467 lr=0.000149853 grad=1.051 pure_tok_s=145385 roll100_tok_s=145055
TRAIN step=550/1230 tokens=44704000 loss=5.3858 lr=0.000138287 grad=0.865 pure_tok_s=145032 roll100_tok_s=144291
TRAIN step=600/1230 tokens=48768000 loss=5.3286 lr=0.000126176 grad=0.845 pure_tok_s=145123 roll100_tok_s=143866
TRAIN step=650/1230 tokens=52832000 loss=5.3299 lr=0.000113752 grad=0.753 pure_tok_s=144663 roll100_tok_s=142720
TRAIN step=700/1230 tokens=56896000 loss=5.3419 lr=0.000101256 grad=0.760 pure_tok_s=144676 roll100_tok_s=142117
EVAL_FULL_VOCAB step=738/1230 tokens=59984640 train=5.3533 val_full=5.2631 eval_s=1.2
TRAIN step=750/1230 tokens=60960000 loss=5.3045 lr=8.89291e-05 grad=0.765 pure_tok_s=144941 roll100_tok_s=146733
TRAIN step=800/1230 tokens=65024000 loss=5.2952 lr=7.70084e-05 grad=0.886 pure_tok_s=144755 roll100_tok_s=145299
TRAIN step=850/1230 tokens=69088000 loss=5.2037 lr=6.57242e-05 grad=0.800 pure_tok_s=144661 roll100_tok_s=142638
TRAIN step=900/1230 tokens=73152000 loss=5.3333 lr=5.52942e-05 grad=0.856 pure_tok_s=144463 roll100_tok_s=142211
TRAIN step=950/1230 tokens=77216000 loss=5.1592 lr=4.59196e-05 grad=0.825 pure_tok_s=144599 roll100_tok_s=144082
EVAL_FULL_VOCAB step=984/1230 tokens=79979520 train=5.1957 val_full=5.0862 eval_s=1.2
TRAIN step=1000/1230 tokens=81280000 loss=5.1256 lr=3.77813e-05 grad=0.687 pure_tok_s=144838 roll100_tok_s=148240
TRAIN step=1050/1230 tokens=85344000 loss=5.0359 lr=3.10362e-05 grad=0.817 pure_tok_s=144770 roll100_tok_s=146385
TRAIN step=1100/1230 tokens=89408000 loss=4.9275 lr=2.58145e-05 grad=0.719 pure_tok_s=144796 roll100_tok_s=144381
TRAIN step=1150/1230 tokens=93472000 loss=5.1004 lr=2.22169e-05 grad=0.736 pure_tok_s=144865 roll100_tok_s=145857
TRAIN step=1200/1230 tokens=97536000 loss=5.1346 lr=2.03129e-05 grad=0.704 pure_tok_s=144740 roll100_tok_s=144141
EVAL_FULL_VOCAB step=1230/1230 tokens=99974400 train=5.0935 val_full=5.0160 eval_s=1.2
RESULT {"cache_load_seconds": 0.004492980000577518, "candidate_size_mean": 33533.431707317075, "checkpoint_path": "/home/dev/research1-runs/h100-architecture-matrix/wave_350m_100m_seed23_20260818_203320/checkpoint.pt", "final_train_loss": 5.093491554260254, "final_val_loss_full_vocab": 5.016009237447123, "history": [{"eval_seconds": 1.2659339199999522, "grad_norm": 1.197646975517273, "learning_rate": 0.00019268709290151591, "peak_allocated_mb": 56865.625, "peak_reserved_mb": 61698.0, "pure_train_tok_per_sec": 146490.69905824124, "rolling_100_tok_per_sec": 144840.1242670107, "step": 246.0, "tokens_seen": 19994880.0, "train_loss": 6.140082359313965, "val_loss_full_vocab": 6.127471049564091}, {"eval_seconds": 1.216520706000665, "grad_norm": 0.7319056391716003, "learning_rate": 0.0001516375005781443, "peak_allocated_mb": 56865.625, "peak_reserved_mb": 61698.0, "pure_train_tok_per_sec": 145448.79248530284, "rolling_100_tok_per_sec": 144866.62300082276, "step": 492.0, "tokens_seen": 39989760.0, "train_loss": 5.542754650115967, "val_loss_full_vocab": 5.56092404908552}, {"eval_seconds": 1.2155001270002685, "grad_norm": 0.9551674723625183, "learning_rate": 9.185941512983153e-05, "peak_allocated_mb": 56865.625, "peak_reserved_mb": 61698.0, "pure_train_tok_per_sec": 144820.6823198614, "rolling_100_tok_per_sec": 145513.42446453153, "step": 738.0, "tokens_seen": 59984640.0, "train_loss": 5.353289604187012, "val_loss_full_vocab": 5.263103405227811}, {"eval_seconds": 1.215658541999801, "grad_norm": 0.7637672424316406, "learning_rate": 4.0240940952750945e-05, "peak_allocated_mb": 56865.625, "peak_reserved_mb": 61718.0, "pure_train_tok_per_sec": 144616.20289208545, "rolling_100_tok_per_sec": 145522.8991019414, "step": 984.0, "tokens_seen": 79979520.0, "train_loss": 5.195699691772461, "val_loss_full_vocab": 5.086177457035996}, {"eval_seconds": 1.2152804529996502, "grad_norm": 0.790672242641449, "learning_rate": 2e-05, "peak_allocated_mb": 56865.625, "peak_reserved_mb": 61718.0, "pure_train_tok_per_sec": 144764.3903133244, "rolling_100_tok_per_sec": 144427.5638438917, "step": 1230.0, "tokens_seen": 99974400.0, "train_loss": 5.093491554260254, "val_loss_full_vocab": 5.016009237447123}], "metrics_csv": "/home/dev/research1-runs/h100-architecture-matrix/wave_350m_100m_seed23_20260818_203320/metrics.csv", "metrics_jsonl": "/home/dev/research1-runs/h100-architecture-matrix/wave_350m_100m_seed23_20260818_203320/metrics.jsonl", "parameter_count": 350307921, "peak_allocated_mb": 56865.625, "peak_reserved_mb": 61718.0, "pure_train_tok_per_sec": 144764.3903133244, "step_time_mean_ms": 563.7343405552638, "step_time_median_ms": 626.4473034989351, "train_tokens_seen": 99974400, "wall_tok_per_sec": 142739.7703311872}
END_ARM architecture=wave seed=23 exit=0
