usage: language_longseq_replay_probe.py [-h] [--output-dir OUTPUT_DIR]
                                        [--cache-path CACHE_PATH]
                                        [--train-blocks TRAIN_BLOCKS]
                                        [--val-blocks VAL_BLOCKS]
                                        [--sequence-length SEQUENCE_LENGTH]
                                        [--batch-size BATCH_SIZE]
                                        [--eval-batch-size EVAL_BATCH_SIZE]
                                        [--train-steps TRAIN_STEPS]
                                        [--eval-interval EVAL_INTERVAL]
                                        [--skip-initial-eval]
                                        [--eval-loss-mode {full,sampled_vocab}]
                                        [--max-step-seconds MAX_STEP_SECONDS]
                                        [--max-eval-seconds MAX_EVAL_SECONDS]
                                        [--reuse-variant-results]
                                        [--max-gpu-used-mb MAX_GPU_USED_MB]
                                        [--variant-checkpoint-interval VARIANT_CHECKPOINT_INTERVAL]
                                        [--milestone-checkpoint-interval MILESTONE_CHECKPOINT_INTERVAL]
                                        [--resume-variant-checkpoints]
                                        [--train-log-interval TRAIN_LOG_INTERVAL]
                                        [--seed SEED]
                                        [--learning-rate LEARNING_RATE]
                                        [--weight-decay WEIGHT_DECAY]
                                        [--factorized-embedding-dim FACTORIZED_EMBEDDING_DIM]
                                        [--factorized-hidden-dim FACTORIZED_HIDDEN_DIM]
                                        [--factorized-memory-dim FACTORIZED_MEMORY_DIM]
                                        [--no-replay-embedding-dim NO_REPLAY_EMBEDDING_DIM]
                                        [--no-replay-hidden-dim NO_REPLAY_HIDDEN_DIM]
                                        [--no-replay-rank NO_REPLAY_RANK]
                                        [--conv-embedding-dim CONV_EMBEDDING_DIM]
                                        [--conv-layers CONV_LAYERS]
                                        [--conv-rank CONV_RANK]
                                        [--conv-kernel-size CONV_KERNEL_SIZE]
                                        [--window-size WINDOW_SIZE]
                                        [--untied-rank UNTIED_RANK]
                                        [--sampled-vocab-size SAMPLED_VOCAB_SIZE]
                                        [--full-loss-interval FULL_LOSS_INTERVAL]
                                        [--full-loss-token-stride FULL_LOSS_TOKEN_STRIDE]
                                        [--full-eval-token-chunk-size FULL_EVAL_TOKEN_CHUNK_SIZE]
                                        [--train-loss-token-chunk-size TRAIN_LOSS_TOKEN_CHUNK_SIZE]
                                        [--hierarchical-class-count HIERARCHICAL_CLASS_COUNT]
                                        [--device DEVICE] [--local-files-only]
                                        [--no-pin-memory]
                                        [--no-cache-dataset-on-device]
                                        [--torch-compile]
                                        [--torch-compile-mode TORCH_COMPILE_MODE]
                                        [--variants VARIANTS [VARIANTS ...]]
                                        [--output OUTPUT]
language_longseq_replay_probe.py: error: unrecognized arguments: --run-dir E:\CODEXRESEARCH\RESEARCH-1\artifacts\benchmark_runs\language\longseq_anchor16_160m_2b_lr4e4_20260603 --dataset finewebedu --tokenizer gpt2
