cluster_partial_untied cache_build [----------------------------] 3,641,507/300,369,321 tokens tok/s=693,401
cluster_partial_untied cache_build [----------------------------] 7,829,452/300,369,321 tokens tok/s=753,915
cluster_partial_untied cache_build [#---------------------------] 12,224,562/300,369,321 tokens tok/s=784,356
cluster_partial_untied cache_build [#---------------------------] 18,067,266/300,369,321 tokens tok/s=859,734
cluster_partial_untied cache_build [##--------------------------] 23,551,616/300,369,321 tokens tok/s=888,689
cluster_partial_untied cache_build [##--------------------------] 29,044,298/300,369,321 tokens tok/s=908,849
cluster_partial_untied cache_build [###-------------------------] 34,752,582/300,369,321 tokens tok/s=927,368
cluster_partial_untied cache_build [###-------------------------] 39,870,571/300,369,321 tokens tok/s=929,908
cluster_partial_untied cache_build [####------------------------] 45,368,737/300,369,321 tokens tok/s=942,706
cluster_partial_untied cache_build [####------------------------] 51,072,050/300,369,321 tokens tok/s=954,122
cluster_partial_untied cache_build [#####-----------------------] 56,647,735/300,369,321 tokens tok/s=963,593
cluster_partial_untied cache_build [#####-----------------------] 61,387,086/300,369,321 tokens tok/s=961,890
cluster_partial_untied cache_build [######----------------------] 66,231,418/300,369,321 tokens tok/s=958,302
cluster_partial_untied cache_build [######----------------------] 72,151,481/300,369,321 tokens tok/s=970,109
cluster_partial_untied cache_build [#######---------------------] 78,014,106/300,369,321 tokens tok/s=977,886
cluster_partial_untied cache_build [#######---------------------] 84,021,253/300,369,321 tokens tok/s=987,197
cluster_partial_untied cache_build [########--------------------] 89,304,389/300,369,321 tokens tok/s=991,046
cluster_partial_untied cache_build [########--------------------] 94,945,974/300,369,321 tokens tok/s=991,900
cluster_partial_untied cache_build [#########-------------------] 99,618,844/300,369,321 tokens tok/s=987,930
cluster_partial_untied cache_build [#########-------------------] 104,152,623/300,369,321 tokens tok/s=982,545
cluster_partial_untied cache_build [##########------------------] 109,029,325/300,369,321 tokens tok/s=978,836
cluster_partial_untied cache_build [##########------------------] 113,890,278/300,369,321 tokens tok/s=977,383
cluster_partial_untied cache_build [###########-----------------] 119,051,291/300,369,321 tokens tok/s=976,380
cluster_partial_untied cache_build [###########-----------------] 124,464,538/300,369,321 tokens tok/s=979,533
cluster_partial_untied cache_build [############----------------] 130,287,123/300,369,321 tokens tok/s=984,476
cluster_partial_untied cache_build [############----------------] 135,553,684/300,369,321 tokens tok/s=985,212
cluster_partial_untied cache_build [#############---------------] 139,846,198/300,369,321 tokens tok/s=980,685
cluster_partial_untied cache_build [#############---------------] 144,674,476/300,369,321 tokens tok/s=978,703
cluster_partial_untied cache_build [#############---------------] 149,358,091/300,369,321 tokens tok/s=975,567
cluster_partial_untied cache_build [##############--------------] 154,122,805/300,369,321 tokens tok/s=974,508
cluster_partial_untied cache_build [##############--------------] 158,555,854/300,369,321 tokens tok/s=968,324
cluster_partial_untied cache_build [###############-------------] 162,947,661/300,369,321 tokens tok/s=963,015
cluster_partial_untied cache_build [###############-------------] 167,895,954/300,369,321 tokens tok/s=963,314
cluster_partial_untied cache_build [################------------] 172,773,841/300,369,321 tokens tok/s=961,415
cluster_partial_untied cache_build [################------------] 177,268,692/300,369,321 tokens tok/s=957,633
cluster_partial_untied cache_build [################------------] 180,724,688/300,369,321 tokens tok/s=946,691
cluster_partial_untied cache_build [#################-----------] 183,992,347/300,369,321 tokens tok/s=938,816
cluster_partial_untied cache_build [#################-----------] 188,541,942/300,369,321 tokens tok/s=935,595
cluster_partial_untied cache_build [#################-----------] 192,839,119/300,369,321 tokens tok/s=933,070
cluster_partial_untied cache_build [##################----------] 197,427,089/300,369,321 tokens tok/s=930,361
cluster_partial_untied cache_build [##################----------] 202,242,195/300,369,321 tokens tok/s=928,661
cluster_partial_untied cache_build [###################---------] 207,177,835/300,369,321 tokens tok/s=927,774
cluster_partial_untied cache_build [###################---------] 212,088,131/300,369,321 tokens tok/s=927,804
cluster_partial_untied cache_build [####################--------] 216,434,607/300,369,321 tokens tok/s=926,448
cluster_partial_untied cache_build [####################--------] 219,655,410/300,369,321 tokens tok/s=920,428
cluster_partial_untied cache_build [####################--------] 223,262,368/300,369,321 tokens tok/s=915,940
cluster_partial_untied cache_build [#####################-------] 226,553,315/300,369,321 tokens tok/s=907,798
cluster_partial_untied cache_build [#####################-------] 230,789,021/300,369,321 tokens tok/s=904,302
cluster_partial_untied cache_build [#####################-------] 234,029,492/300,369,321 tokens tok/s=897,595
cluster_partial_untied cache_build [######################------] 238,422,238/300,369,321 tokens tok/s=894,926
cluster_partial_untied cache_build [######################------] 242,010,023/300,369,321 tokens tok/s=890,764
cluster_partial_untied cache_build [######################------] 246,355,983/300,369,321 tokens tok/s=890,032
cluster_partial_untied cache_build [#######################-----] 251,194,238/300,369,321 tokens tok/s=889,682
cluster_partial_untied cache_build [#######################-----] 254,919,514/300,369,321 tokens tok/s=887,033
cluster_partial_untied cache_build [########################----] 259,808,531/300,369,321 tokens tok/s=888,370
cluster_partial_untied cache_build [########################----] 264,230,802/300,369,321 tokens tok/s=887,880
cluster_partial_untied cache_build [#########################---] 269,273,474/300,369,321 tokens tok/s=888,252
cluster_partial_untied cache_build [#########################---] 273,628,108/300,369,321 tokens tok/s=886,452
cluster_partial_untied cache_build [#########################---] 276,941,439/300,369,321 tokens tok/s=882,569
cluster_partial_untied cache_build [##########################--] 280,201,018/300,369,321 tokens tok/s=878,354
cluster_partial_untied cache_build [##########################--] 283,851,527/300,369,321 tokens tok/s=875,085
cluster_partial_untied cache_build [##########################--] 288,629,569/300,369,321 tokens tok/s=876,117
cluster_partial_untied cache_build [###########################-] 293,860,745/300,369,321 tokens tok/s=876,793
cluster_partial_untied cache_build [###########################-] 298,183,812/300,369,321 tokens tok/s=874,860
starting causal_conv_mixer_sampled_vocab_anchor16: params=40,100,417 seq=10160 steps=29529
resumed causal_conv_mixer_sampled_vocab_anchor16: step=9843/29529
causal_conv_mixer_sampled_vocab_anchor16 step=9900/29529 train=5.7486 pure_tok/s=84,703
causal_conv_mixer_sampled_vocab_anchor16 step=10000/29529 train=5.2787 pure_tok/s=81,016
causal_conv_mixer_sampled_vocab_anchor16 step=10100/29529 train=5.2958 pure_tok/s=77,620
