cluster_partial_untied cache_build [----------------------------] 3,195,688/2,000,528,163 tokens tok/s=540,334
cluster_partial_untied cache_build [----------------------------] 6,782,217/2,000,528,163 tokens tok/s=579,273
cluster_partial_untied cache_build [----------------------------] 10,016,884/2,000,528,163 tokens tok/s=597,684
cluster_partial_untied cache_build [----------------------------] 14,327,571/2,000,528,163 tokens tok/s=642,381
cluster_partial_untied cache_build [----------------------------] 18,694,275/2,000,528,163 tokens tok/s=677,209
cluster_partial_untied cache_build [----------------------------] 23,551,616/2,000,528,163 tokens tok/s=717,475
cluster_partial_untied cache_build [----------------------------] 28,482,514/2,000,528,163 tokens tok/s=741,464
cluster_partial_untied cache_build [----------------------------] 33,151,385/2,000,528,163 tokens tok/s=758,335
cluster_partial_untied cache_build [----------------------------] 37,455,480/2,000,528,163 tokens tok/s=764,779
cluster_partial_untied cache_build [----------------------------] 41,922,438/2,000,528,163 tokens tok/s=775,652
cluster_partial_untied cache_build [----------------------------] 46,868,492/2,000,528,163 tokens tok/s=790,466
cluster_partial_untied cache_build [----------------------------] 51,613,147/2,000,528,163 tokens tok/s=797,417
cluster_partial_untied cache_build [----------------------------] 56,134,706/2,000,528,163 tokens tok/s=797,851
cluster_partial_untied cache_build [----------------------------] 60,888,783/2,000,528,163 tokens tok/s=806,935
cluster_partial_untied cache_build [----------------------------] 65,137,923/2,000,528,163 tokens tok/s=804,021
cluster_partial_untied cache_build [----------------------------] 69,537,642/2,000,528,163 tokens tok/s=806,939
cluster_partial_untied cache_build [#---------------------------] 74,163,650/2,000,528,163 tokens tok/s=813,285
cluster_partial_untied cache_build [#---------------------------] 79,174,202/2,000,528,163 tokens tok/s=820,229
cluster_partial_untied cache_build [#---------------------------] 84,021,253/2,000,528,163 tokens tok/s=824,353
cluster_partial_untied cache_build [#---------------------------] 88,177,511/2,000,528,163 tokens tok/s=822,041
cluster_partial_untied cache_build [#---------------------------] 93,230,022/2,000,528,163 tokens tok/s=830,111
cluster_partial_untied cache_build [#---------------------------] 99,102,497/2,000,528,163 tokens tok/s=843,268
cluster_partial_untied cache_build [#---------------------------] 104,653,379/2,000,528,163 tokens tok/s=852,430
cluster_partial_untied cache_build [#---------------------------] 110,677,951/2,000,528,163 tokens tok/s=863,153
cluster_partial_untied cache_build [#---------------------------] 115,711,424/2,000,528,163 tokens tok/s=863,976
cluster_partial_untied cache_build [#---------------------------] 120,273,407/2,000,528,163 tokens tok/s=863,631
cluster_partial_untied cache_build [#---------------------------] 125,443,099/2,000,528,163 tokens tok/s=867,047
cluster_partial_untied cache_build [#---------------------------] 130,808,214/2,000,528,163 tokens tok/s=873,256
cluster_partial_untied cache_build [#---------------------------] 135,553,684/2,000,528,163 tokens tok/s=873,685
cluster_partial_untied cache_build [#---------------------------] 140,847,212/2,000,528,163 tokens tok/s=877,207
cluster_partial_untied cache_build [##--------------------------] 146,259,766/2,000,528,163 tokens tok/s=880,613
cluster_partial_untied cache_build [##--------------------------] 151,402,291/2,000,528,163 tokens tok/s=883,333
cluster_partial_untied cache_build [##--------------------------] 156,878,526/2,000,528,163 tokens tok/s=887,838
cluster_partial_untied cache_build [##--------------------------] 163,498,661/2,000,528,163 tokens tok/s=897,783
cluster_partial_untied cache_build [##--------------------------] 169,590,253/2,000,528,163 tokens tok/s=905,282
cluster_partial_untied cache_build [##--------------------------] 175,592,907/2,000,528,163 tokens tok/s=912,030
cluster_partial_untied cache_build [##--------------------------] 180,724,688/2,000,528,163 tokens tok/s=913,480
cluster_partial_untied cache_build [##--------------------------] 185,751,237/2,000,528,163 tokens tok/s=914,140
cluster_partial_untied cache_build [##--------------------------] 191,837,427/2,000,528,163 tokens tok/s=920,494
cluster_partial_untied cache_build [##--------------------------] 198,022,290/2,000,528,163 tokens tok/s=927,015
cluster_partial_untied cache_build [##--------------------------] 204,459,947/2,000,528,163 tokens tok/s=934,164
cluster_partial_untied cache_build [##--------------------------] 210,893,483/2,000,528,163 tokens tok/s=940,663
cluster_partial_untied cache_build [###-------------------------] 217,484,402/2,000,528,163 tokens tok/s=947,832
cluster_partial_untied cache_build [###-------------------------] 223,836,139/2,000,528,163 tokens tok/s=954,460
cluster_partial_untied cache_build [###-------------------------] 230,262,848/2,000,528,163 tokens tok/s=960,266
cluster_partial_untied cache_build [###-------------------------] 236,224,980/2,000,528,163 tokens tok/s=964,636
cluster_partial_untied cache_build [###-------------------------] 242,564,449/2,000,528,163 tokens tok/s=969,798
cluster_partial_untied cache_build [###-------------------------] 249,231,687/2,000,528,163 tokens tok/s=975,868
cluster_partial_untied cache_build [###-------------------------] 255,967,789/2,000,528,163 tokens tok/s=981,635
cluster_partial_untied cache_build [###-------------------------] 262,561,539/2,000,528,163 tokens tok/s=986,552
cluster_partial_untied cache_build [###-------------------------] 269,273,474/2,000,528,163 tokens tok/s=991,477
cluster_partial_untied cache_build [###-------------------------] 275,848,712/2,000,528,163 tokens tok/s=996,088
cluster_partial_untied cache_build [###-------------------------] 281,751,778/2,000,528,163 tokens tok/s=998,540
cluster_partial_untied cache_build [####------------------------] 288,114,188/2,000,528,163 tokens tok/s=1,001,894
cluster_partial_untied cache_build [####------------------------] 294,411,359/2,000,528,163 tokens tok/s=1,005,270
cluster_partial_untied cache_build [####------------------------] 300,826,970/2,000,528,163 tokens tok/s=1,009,187
cluster_partial_untied cache_build [####------------------------] 307,076,405/2,000,528,163 tokens tok/s=1,012,608
cluster_partial_untied cache_build [####------------------------] 313,663,673/2,000,528,163 tokens tok/s=1,016,502
cluster_partial_untied cache_build [####------------------------] 319,988,773/2,000,528,163 tokens tok/s=1,020,395
cluster_partial_untied cache_build [####------------------------] 326,232,853/2,000,528,163 tokens tok/s=1,023,268
cluster_partial_untied cache_build [####------------------------] 332,266,650/2,000,528,163 tokens tok/s=1,025,543
cluster_partial_untied cache_build [####------------------------] 338,258,687/2,000,528,163 tokens tok/s=1,027,348
cluster_partial_untied cache_build [####------------------------] 344,837,473/2,000,528,163 tokens tok/s=1,030,441
cluster_partial_untied cache_build [####------------------------] 350,802,111/2,000,528,163 tokens tok/s=1,032,565
cluster_partial_untied cache_build [####------------------------] 355,824,196/2,000,528,163 tokens tok/s=1,031,686
cluster_partial_untied cache_build [#####-----------------------] 360,978,483/2,000,528,163 tokens tok/s=1,031,388
cluster_partial_untied cache_build [#####-----------------------] 367,327,885/2,000,528,163 tokens tok/s=1,034,273
cluster_partial_untied cache_build [#####-----------------------] 373,517,784/2,000,528,163 tokens tok/s=1,037,082
cluster_partial_untied cache_build [#####-----------------------] 379,342,977/2,000,528,163 tokens tok/s=1,038,744
cluster_partial_untied cache_build [#####-----------------------] 384,865,058/2,000,528,163 tokens tok/s=1,039,207
cluster_partial_untied cache_build [#####-----------------------] 391,031,914/2,000,528,163 tokens tok/s=1,041,401
cluster_partial_untied cache_build [#####-----------------------] 397,402,245/2,000,528,163 tokens tok/s=1,044,279
cluster_partial_untied cache_build [#####-----------------------] 403,507,691/2,000,528,163 tokens tok/s=1,046,020
cluster_partial_untied cache_build [#####-----------------------] 409,782,315/2,000,528,163 tokens tok/s=1,048,336
cluster_partial_untied cache_build [#####-----------------------] 415,725,112/2,000,528,163 tokens tok/s=1,049,929
cluster_partial_untied cache_build [#####-----------------------] 422,232,628/2,000,528,163 tokens tok/s=1,052,210
cluster_partial_untied cache_build [#####-----------------------] 428,174,918/2,000,528,163 tokens tok/s=1,053,489
cluster_partial_untied cache_build [######----------------------] 434,511,154/2,000,528,163 tokens tok/s=1,055,022
cluster_partial_untied cache_build [######----------------------] 440,776,952/2,000,528,163 tokens tok/s=1,056,797
cluster_partial_untied cache_build [######----------------------] 447,431,157/2,000,528,163 tokens tok/s=1,059,015
cluster_partial_untied cache_build [######----------------------] 453,867,900/2,000,528,163 tokens tok/s=1,060,866
cluster_partial_untied cache_build [######----------------------] 460,267,125/2,000,528,163 tokens tok/s=1,063,014
cluster_partial_untied cache_build [######----------------------] 467,164,444/2,000,528,163 tokens tok/s=1,065,889
cluster_partial_untied cache_build [######----------------------] 473,703,388/2,000,528,163 tokens tok/s=1,068,313
cluster_partial_untied cache_build [######----------------------] 480,187,264/2,000,528,163 tokens tok/s=1,070,798
cluster_partial_untied cache_build [######----------------------] 486,755,265/2,000,528,163 tokens tok/s=1,072,887
cluster_partial_untied cache_build [######----------------------] 493,295,017/2,000,528,163 tokens tok/s=1,075,362
cluster_partial_untied cache_build [######----------------------] 499,996,604/2,000,528,163 tokens tok/s=1,077,873
cluster_partial_untied cache_build [#######---------------------] 507,025,859/2,000,528,163 tokens tok/s=1,080,549
cluster_partial_untied cache_build [#######---------------------] 513,872,472/2,000,528,163 tokens tok/s=1,082,914
cluster_partial_untied cache_build [#######---------------------] 520,777,197/2,000,528,163 tokens tok/s=1,085,425
cluster_partial_untied cache_build [#######---------------------] 526,759,931/2,000,528,163 tokens tok/s=1,086,296
cluster_partial_untied cache_build [#######---------------------] 531,625,606/2,000,528,163 tokens tok/s=1,084,984
cluster_partial_untied cache_build [#######---------------------] 537,444,289/2,000,528,163 tokens tok/s=1,085,107
cluster_partial_untied cache_build [#######---------------------] 544,052,446/2,000,528,163 tokens tok/s=1,086,915
cluster_partial_untied cache_build [#######---------------------] 550,736,080/2,000,528,163 tokens tok/s=1,089,281
cluster_partial_untied cache_build [#######---------------------] 557,390,436/2,000,528,163 tokens tok/s=1,091,620
cluster_partial_untied cache_build [#######---------------------] 564,122,574/2,000,528,163 tokens tok/s=1,093,491
cluster_partial_untied cache_build [#######---------------------] 570,853,327/2,000,528,163 tokens tok/s=1,095,315
cluster_partial_untied cache_build [########--------------------] 577,984,265/2,000,528,163 tokens tok/s=1,097,690
cluster_partial_untied cache_build [########--------------------] 584,510,284/2,000,528,163 tokens tok/s=1,099,625
cluster_partial_untied cache_build [########--------------------] 591,263,178/2,000,528,163 tokens tok/s=1,101,162
cluster_partial_untied cache_build [########--------------------] 598,151,202/2,000,528,163 tokens tok/s=1,102,836
cluster_partial_untied cache_build [########--------------------] 604,889,003/2,000,528,163 tokens tok/s=1,104,830
cluster_partial_untied cache_build [########--------------------] 611,284,662/2,000,528,163 tokens tok/s=1,106,235
cluster_partial_untied cache_build [########--------------------] 618,204,735/2,000,528,163 tokens tok/s=1,108,236
cluster_partial_untied cache_build [########--------------------] 625,112,664/2,000,528,163 tokens tok/s=1,109,940
cluster_partial_untied cache_build [########--------------------] 631,383,085/2,000,528,163 tokens tok/s=1,111,099
cluster_partial_untied cache_build [########--------------------] 638,246,415/2,000,528,163 tokens tok/s=1,112,773
cluster_partial_untied cache_build [#########-------------------] 644,740,632/2,000,528,163 tokens tok/s=1,113,704
cluster_partial_untied cache_build [#########-------------------] 651,227,758/2,000,528,163 tokens tok/s=1,115,214
cluster_partial_untied cache_build [#########-------------------] 657,663,215/2,000,528,163 tokens tok/s=1,116,653
cluster_partial_untied cache_build [#########-------------------] 664,424,812/2,000,528,163 tokens tok/s=1,118,231
cluster_partial_untied cache_build [#########-------------------] 671,381,118/2,000,528,163 tokens tok/s=1,120,012
cluster_partial_untied cache_build [#########-------------------] 678,006,877/2,000,528,163 tokens tok/s=1,121,226
cluster_partial_untied cache_build [#########-------------------] 684,397,108/2,000,528,163 tokens tok/s=1,122,391
cluster_partial_untied cache_build [#########-------------------] 691,401,097/2,000,528,163 tokens tok/s=1,124,021
cluster_partial_untied cache_build [#########-------------------] 698,449,412/2,000,528,163 tokens tok/s=1,124,897
cluster_partial_untied cache_build [#########-------------------] 703,650,059/2,000,528,163 tokens tok/s=1,123,656
cluster_partial_untied cache_build [#########-------------------] 710,275,663/2,000,528,163 tokens tok/s=1,124,410
cluster_partial_untied cache_build [##########------------------] 716,574,898/2,000,528,163 tokens tok/s=1,124,715
cluster_partial_untied cache_build [##########------------------] 722,031,454/2,000,528,163 tokens tok/s=1,124,402
cluster_partial_untied cache_build [##########------------------] 728,465,757/2,000,528,163 tokens tok/s=1,125,570
cluster_partial_untied cache_build [##########------------------] 735,050,203/2,000,528,163 tokens tok/s=1,126,826
cluster_partial_untied cache_build [##########------------------] 742,023,144/2,000,528,163 tokens tok/s=1,128,226
cluster_partial_untied cache_build [##########------------------] 748,363,546/2,000,528,163 tokens tok/s=1,128,712
cluster_partial_untied cache_build [##########------------------] 754,793,060/2,000,528,163 tokens tok/s=1,129,761
cluster_partial_untied cache_build [##########------------------] 761,539,534/2,000,528,163 tokens tok/s=1,131,116
cluster_partial_untied cache_build [##########------------------] 767,923,159/2,000,528,163 tokens tok/s=1,131,990
cluster_partial_untied cache_build [##########------------------] 774,932,751/2,000,528,163 tokens tok/s=1,133,551
cluster_partial_untied cache_build [##########------------------] 781,923,203/2,000,528,163 tokens tok/s=1,134,915
cluster_partial_untied cache_build [###########-----------------] 788,492,980/2,000,528,163 tokens tok/s=1,136,008
cluster_partial_untied cache_build [###########-----------------] 794,970,833/2,000,528,163 tokens tok/s=1,136,877
cluster_partial_untied cache_build [###########-----------------] 801,405,199/2,000,528,163 tokens tok/s=1,137,760
cluster_partial_untied cache_build [###########-----------------] 808,017,701/2,000,528,163 tokens tok/s=1,138,637
cluster_partial_untied cache_build [###########-----------------] 815,081,272/2,000,528,163 tokens tok/s=1,139,981
cluster_partial_untied cache_build [###########-----------------] 821,951,769/2,000,528,163 tokens tok/s=1,141,247
cluster_partial_untied cache_build [###########-----------------] 828,388,012/2,000,528,163 tokens tok/s=1,142,063
cluster_partial_untied cache_build [###########-----------------] 832,615,599/2,000,528,163 tokens tok/s=1,139,497
cluster_partial_untied cache_build [###########-----------------] 838,051,099/2,000,528,163 tokens tok/s=1,138,603
cluster_partial_untied cache_build [###########-----------------] 843,705,098/2,000,528,163 tokens tok/s=1,138,523
cluster_partial_untied cache_build [###########-----------------] 849,694,750/2,000,528,163 tokens tok/s=1,138,902
cluster_partial_untied cache_build [###########-----------------] 856,113,285/2,000,528,163 tokens tok/s=1,139,303
cluster_partial_untied cache_build [############----------------] 862,430,785/2,000,528,163 tokens tok/s=1,140,000
cluster_partial_untied cache_build [############----------------] 868,949,133/2,000,528,163 tokens tok/s=1,140,434
cluster_partial_untied cache_build [############----------------] 875,184,899/2,000,528,163 tokens tok/s=1,141,013
cluster_partial_untied cache_build [############----------------] 881,580,724/2,000,528,163 tokens tok/s=1,141,537
cluster_partial_untied cache_build [############----------------] 888,122,404/2,000,528,163 tokens tok/s=1,142,391
cluster_partial_untied cache_build [############----------------] 894,527,062/2,000,528,163 tokens tok/s=1,142,857
cluster_partial_untied cache_build [############----------------] 900,769,127/2,000,528,163 tokens tok/s=1,143,031
cluster_partial_untied cache_build [############----------------] 907,181,130/2,000,528,163 tokens tok/s=1,143,557
cluster_partial_untied cache_build [############----------------] 913,642,574/2,000,528,163 tokens tok/s=1,144,196
cluster_partial_untied cache_build [############----------------] 919,861,812/2,000,528,163 tokens tok/s=1,144,707
cluster_partial_untied cache_build [############----------------] 926,219,870/2,000,528,163 tokens tok/s=1,145,321
cluster_partial_untied cache_build [#############---------------] 932,625,255/2,000,528,163 tokens tok/s=1,145,808
cluster_partial_untied cache_build [#############---------------] 939,160,807/2,000,528,163 tokens tok/s=1,146,354
cluster_partial_untied cache_build [#############---------------] 945,476,221/2,000,528,163 tokens tok/s=1,147,005
cluster_partial_untied cache_build [#############---------------] 951,578,734/2,000,528,163 tokens tok/s=1,147,046
cluster_partial_untied cache_build [#############---------------] 957,346,472/2,000,528,163 tokens tok/s=1,147,033
cluster_partial_untied cache_build [#############---------------] 964,053,935/2,000,528,163 tokens tok/s=1,147,665
cluster_partial_untied cache_build [#############---------------] 970,597,554/2,000,528,163 tokens tok/s=1,148,187
cluster_partial_untied cache_build [#############---------------] 976,755,637/2,000,528,163 tokens tok/s=1,148,629
cluster_partial_untied cache_build [#############---------------] 983,370,955/2,000,528,163 tokens tok/s=1,149,206
cluster_partial_untied cache_build [#############---------------] 989,704,428/2,000,528,163 tokens tok/s=1,149,776
cluster_partial_untied cache_build [#############---------------] 996,330,036/2,000,528,163 tokens tok/s=1,150,389
cluster_partial_untied cache_build [##############--------------] 1,002,737,834/2,000,528,163 tokens tok/s=1,150,717
cluster_partial_untied cache_build [##############--------------] 1,008,755,014/2,000,528,163 tokens tok/s=1,150,221
cluster_partial_untied cache_build [##############--------------] 1,013,707,229/2,000,528,163 tokens tok/s=1,148,754
cluster_partial_untied cache_build [##############--------------] 1,019,837,112/2,000,528,163 tokens tok/s=1,148,612
cluster_partial_untied cache_build [##############--------------] 1,025,852,176/2,000,528,163 tokens tok/s=1,148,897
cluster_partial_untied cache_build [##############--------------] 1,032,045,497/2,000,528,163 tokens tok/s=1,149,228
cluster_partial_untied cache_build [##############--------------] 1,038,523,034/2,000,528,163 tokens tok/s=1,149,558
cluster_partial_untied cache_build [##############--------------] 1,044,418,289/2,000,528,163 tokens tok/s=1,149,599
cluster_partial_untied cache_build [##############--------------] 1,050,779,106/2,000,528,163 tokens tok/s=1,149,875
cluster_partial_untied cache_build [##############--------------] 1,056,642,495/2,000,528,163 tokens tok/s=1,149,997
cluster_partial_untied cache_build [##############--------------] 1,062,833,495/2,000,528,163 tokens tok/s=1,150,201
cluster_partial_untied cache_build [##############--------------] 1,069,382,391/2,000,528,163 tokens tok/s=1,150,876
cluster_partial_untied cache_build [###############-------------] 1,075,818,036/2,000,528,163 tokens tok/s=1,151,161
cluster_partial_untied cache_build [###############-------------] 1,082,268,544/2,000,528,163 tokens tok/s=1,151,453
cluster_partial_untied cache_build [###############-------------] 1,088,492,576/2,000,528,163 tokens tok/s=1,151,786
cluster_partial_untied cache_build [###############-------------] 1,094,853,998/2,000,528,163 tokens tok/s=1,152,244
cluster_partial_untied cache_build [###############-------------] 1,100,763,119/2,000,528,163 tokens tok/s=1,152,395
cluster_partial_untied cache_build [###############-------------] 1,107,058,931/2,000,528,163 tokens tok/s=1,152,646
cluster_partial_untied cache_build [###############-------------] 1,113,634,298/2,000,528,163 tokens tok/s=1,152,978
cluster_partial_untied cache_build [###############-------------] 1,119,849,863/2,000,528,163 tokens tok/s=1,153,127
cluster_partial_untied cache_build [###############-------------] 1,126,250,765/2,000,528,163 tokens tok/s=1,153,577
cluster_partial_untied cache_build [###############-------------] 1,132,362,092/2,000,528,163 tokens tok/s=1,153,741
cluster_partial_untied cache_build [###############-------------] 1,138,893,668/2,000,528,163 tokens tok/s=1,154,312
cluster_partial_untied cache_build [################------------] 1,145,365,674/2,000,528,163 tokens tok/s=1,154,789
cluster_partial_untied cache_build [################------------] 1,151,492,983/2,000,528,163 tokens tok/s=1,154,974
cluster_partial_untied cache_build [################------------] 1,157,437,959/2,000,528,163 tokens tok/s=1,154,863
cluster_partial_untied cache_build [################------------] 1,163,959,232/2,000,528,163 tokens tok/s=1,155,273
cluster_partial_untied cache_build [################------------] 1,170,583,340/2,000,528,163 tokens tok/s=1,155,704
cluster_partial_untied cache_build [################------------] 1,177,144,882/2,000,528,163 tokens tok/s=1,156,270
cluster_partial_untied cache_build [################------------] 1,183,151,426/2,000,528,163 tokens tok/s=1,156,165
cluster_partial_untied cache_build [################------------] 1,188,015,703/2,000,528,163 tokens tok/s=1,154,697
cluster_partial_untied cache_build [################------------] 1,193,004,012/2,000,528,163 tokens tok/s=1,153,931
cluster_partial_untied cache_build [################------------] 1,198,950,372/2,000,528,163 tokens tok/s=1,154,055
cluster_partial_untied cache_build [################------------] 1,204,820,331/2,000,528,163 tokens tok/s=1,154,041
cluster_partial_untied cache_build [################------------] 1,211,359,126/2,000,528,163 tokens tok/s=1,154,316
cluster_partial_untied cache_build [#################-----------] 1,217,827,309/2,000,528,163 tokens tok/s=1,154,584
cluster_partial_untied cache_build [#################-----------] 1,223,801,895/2,000,528,163 tokens tok/s=1,154,740
cluster_partial_untied cache_build [#################-----------] 1,230,260,230/2,000,528,163 tokens tok/s=1,154,944
cluster_partial_untied cache_build [#################-----------] 1,236,566,244/2,000,528,163 tokens tok/s=1,155,255
cluster_partial_untied cache_build [#################-----------] 1,243,166,024/2,000,528,163 tokens tok/s=1,155,625
cluster_partial_untied cache_build [#################-----------] 1,249,271,261/2,000,528,163 tokens tok/s=1,155,652
cluster_partial_untied cache_build [#################-----------] 1,255,778,567/2,000,528,163 tokens tok/s=1,156,064
cluster_partial_untied cache_build [#################-----------] 1,261,733,512/2,000,528,163 tokens tok/s=1,156,156
cluster_partial_untied cache_build [#################-----------] 1,268,149,372/2,000,528,163 tokens tok/s=1,156,511
cluster_partial_untied cache_build [#################-----------] 1,274,066,136/2,000,528,163 tokens tok/s=1,156,413
cluster_partial_untied cache_build [#################-----------] 1,280,233,238/2,000,528,163 tokens tok/s=1,156,678
cluster_partial_untied cache_build [##################----------] 1,286,593,050/2,000,528,163 tokens tok/s=1,156,973
cluster_partial_untied cache_build [##################----------] 1,292,855,857/2,000,528,163 tokens tok/s=1,157,252
cluster_partial_untied cache_build [##################----------] 1,298,981,759/2,000,528,163 tokens tok/s=1,157,126
cluster_partial_untied cache_build [##################----------] 1,305,108,049/2,000,528,163 tokens tok/s=1,157,087
cluster_partial_untied cache_build [##################----------] 1,311,325,161/2,000,528,163 tokens tok/s=1,157,416
cluster_partial_untied cache_build [##################----------] 1,317,699,982/2,000,528,163 tokens tok/s=1,157,763
cluster_partial_untied cache_build [##################----------] 1,324,197,100/2,000,528,163 tokens tok/s=1,158,021
cluster_partial_untied cache_build [##################----------] 1,331,015,216/2,000,528,163 tokens tok/s=1,158,494
cluster_partial_untied cache_build [##################----------] 1,337,491,768/2,000,528,163 tokens tok/s=1,158,663
cluster_partial_untied cache_build [##################----------] 1,343,879,888/2,000,528,163 tokens tok/s=1,158,979
cluster_partial_untied cache_build [##################----------] 1,349,943,471/2,000,528,163 tokens tok/s=1,159,151
cluster_partial_untied cache_build [##################----------] 1,356,095,689/2,000,528,163 tokens tok/s=1,159,354
cluster_partial_untied cache_build [###################---------] 1,360,833,225/2,000,528,163 tokens tok/s=1,158,199
cluster_partial_untied cache_build [###################---------] 1,365,123,134/2,000,528,163 tokens tok/s=1,156,787
cluster_partial_untied cache_build [###################---------] 1,370,994,513/2,000,528,163 tokens tok/s=1,156,659
cluster_partial_untied cache_build [###################---------] 1,377,430,759/2,000,528,163 tokens tok/s=1,156,892
cluster_partial_untied cache_build [###################---------] 1,383,905,788/2,000,528,163 tokens tok/s=1,157,233
cluster_partial_untied cache_build [###################---------] 1,390,320,642/2,000,528,163 tokens tok/s=1,157,515
cluster_partial_untied cache_build [###################---------] 1,396,298,040/2,000,528,163 tokens tok/s=1,157,476
cluster_partial_untied cache_build [###################---------] 1,402,598,075/2,000,528,163 tokens tok/s=1,157,605
cluster_partial_untied cache_build [###################---------] 1,408,863,503/2,000,528,163 tokens tok/s=1,157,922
cluster_partial_untied cache_build [###################---------] 1,414,898,565/2,000,528,163 tokens tok/s=1,158,091
cluster_partial_untied cache_build [###################---------] 1,421,322,415/2,000,528,163 tokens tok/s=1,158,311
cluster_partial_untied cache_build [###################---------] 1,427,804,701/2,000,528,163 tokens tok/s=1,158,405
cluster_partial_untied cache_build [####################--------] 1,434,275,668/2,000,528,163 tokens tok/s=1,158,684
cluster_partial_untied cache_build [####################--------] 1,440,256,583/2,000,528,163 tokens tok/s=1,158,815
cluster_partial_untied cache_build [####################--------] 1,446,362,908/2,000,528,163 tokens tok/s=1,158,762
cluster_partial_untied cache_build [####################--------] 1,452,538,463/2,000,528,163 tokens tok/s=1,158,922
cluster_partial_untied cache_build [####################--------] 1,458,861,494/2,000,528,163 tokens tok/s=1,159,176
cluster_partial_untied cache_build [####################--------] 1,465,074,430/2,000,528,163 tokens tok/s=1,159,327
cluster_partial_untied cache_build [####################--------] 1,471,350,096/2,000,528,163 tokens tok/s=1,159,454
cluster_partial_untied cache_build [####################--------] 1,477,934,010/2,000,528,163 tokens tok/s=1,159,707
cluster_partial_untied cache_build [####################--------] 1,483,983,655/2,000,528,163 tokens tok/s=1,159,859
cluster_partial_untied cache_build [####################--------] 1,490,193,167/2,000,528,163 tokens tok/s=1,159,967
cluster_partial_untied cache_build [####################--------] 1,496,365,371/2,000,528,163 tokens tok/s=1,160,060
cluster_partial_untied cache_build [#####################-------] 1,502,836,169/2,000,528,163 tokens tok/s=1,160,229
cluster_partial_untied cache_build [#####################-------] 1,508,790,043/2,000,528,163 tokens tok/s=1,160,265
cluster_partial_untied cache_build [#####################-------] 1,515,284,388/2,000,528,163 tokens tok/s=1,160,582
cluster_partial_untied cache_build [#####################-------] 1,521,846,233/2,000,528,163 tokens tok/s=1,160,772
cluster_partial_untied cache_build [#####################-------] 1,528,044,005/2,000,528,163 tokens tok/s=1,160,921
cluster_partial_untied cache_build [#####################-------] 1,533,516,311/2,000,528,163 tokens tok/s=1,160,476
cluster_partial_untied cache_build [#####################-------] 1,539,329,392/2,000,528,163 tokens tok/s=1,160,142
cluster_partial_untied cache_build [#####################-------] 1,544,893,562/2,000,528,163 tokens tok/s=1,159,816
cluster_partial_untied cache_build [#####################-------] 1,549,073,604/2,000,528,163 tokens tok/s=1,158,240
cluster_partial_untied cache_build [#####################-------] 1,553,600,564/2,000,528,163 tokens tok/s=1,156,948
cluster_partial_untied cache_build [#####################-------] 1,558,871,299/2,000,528,163 tokens tok/s=1,156,177
cluster_partial_untied cache_build [#####################-------] 1,564,603,547/2,000,528,163 tokens tok/s=1,155,885
cluster_partial_untied cache_build [#####################-------] 1,570,175,977/2,000,528,163 tokens tok/s=1,155,326
cluster_partial_untied cache_build [######################------] 1,575,472,051/2,000,528,163 tokens tok/s=1,154,868
cluster_partial_untied cache_build [######################------] 1,580,738,888/2,000,528,163 tokens tok/s=1,154,281
cluster_partial_untied cache_build [######################------] 1,585,583,774/2,000,528,163 tokens tok/s=1,153,530
cluster_partial_untied cache_build [######################------] 1,588,802,639/2,000,528,163 tokens tok/s=1,151,409
cluster_partial_untied cache_build [######################------] 1,592,639,534/2,000,528,163 tokens tok/s=1,150,007
cluster_partial_untied cache_build [######################------] 1,597,397,059/2,000,528,163 tokens tok/s=1,148,903
cluster_partial_untied cache_build [######################------] 1,602,449,138/2,000,528,163 tokens tok/s=1,148,156
cluster_partial_untied cache_build [######################------] 1,607,616,757/2,000,528,163 tokens tok/s=1,147,609
cluster_partial_untied cache_build [######################------] 1,612,523,857/2,000,528,163 tokens tok/s=1,146,788
cluster_partial_untied cache_build [######################------] 1,618,394,354/2,000,528,163 tokens tok/s=1,146,578
cluster_partial_untied cache_build [######################------] 1,623,667,741/2,000,528,163 tokens tok/s=1,145,873
cluster_partial_untied cache_build [######################------] 1,629,458,498/2,000,528,163 tokens tok/s=1,145,547
cluster_partial_untied cache_build [######################------] 1,634,828,269/2,000,528,163 tokens tok/s=1,145,103
cluster_partial_untied cache_build [######################------] 1,638,876,479/2,000,528,163 tokens tok/s=1,143,534
cluster_partial_untied cache_build [#######################-----] 1,643,728,825/2,000,528,163 tokens tok/s=1,142,923
cluster_partial_untied cache_build [#######################-----] 1,648,496,175/2,000,528,163 tokens tok/s=1,142,146
cluster_partial_untied cache_build [#######################-----] 1,654,014,205/2,000,528,163 tokens tok/s=1,141,987
cluster_partial_untied cache_build [#######################-----] 1,659,480,359/2,000,528,163 tokens tok/s=1,141,504
cluster_partial_untied cache_build [#######################-----] 1,663,166,103/2,000,528,163 tokens tok/s=1,140,089
cluster_partial_untied cache_build [#######################-----] 1,667,419,132/2,000,528,163 tokens tok/s=1,138,905
cluster_partial_untied cache_build [#######################-----] 1,671,926,571/2,000,528,163 tokens tok/s=1,137,915
cluster_partial_untied cache_build [#######################-----] 1,678,300,267/2,000,528,163 tokens tok/s=1,138,039
cluster_partial_untied cache_build [#######################-----] 1,684,116,363/2,000,528,163 tokens tok/s=1,137,889
cluster_partial_untied cache_build [#######################-----] 1,687,982,958/2,000,528,163 tokens tok/s=1,136,373
cluster_partial_untied cache_build [#######################-----] 1,693,017,022/2,000,528,163 tokens tok/s=1,135,599
cluster_partial_untied cache_build [#######################-----] 1,695,653,590/2,000,528,163 tokens tok/s=1,133,332
cluster_partial_untied cache_build [#######################-----] 1,699,931,617/2,000,528,163 tokens tok/s=1,131,915
cluster_partial_untied cache_build [#######################-----] 1,703,047,264/2,000,528,163 tokens tok/s=1,129,306
cluster_partial_untied cache_build [#######################-----] 1,706,098,985/2,000,528,163 tokens tok/s=1,127,229
cluster_partial_untied cache_build [#######################-----] 1,709,385,628/2,000,528,163 tokens tok/s=1,124,281
cluster_partial_untied cache_build [#######################-----] 1,712,469,756/2,000,528,163 tokens tok/s=1,122,353
cluster_partial_untied cache_build [########################----] 1,715,715,660/2,000,528,163 tokens tok/s=1,120,784
cluster_partial_untied cache_build [########################----] 1,720,435,295/2,000,528,163 tokens tok/s=1,119,919
cluster_partial_untied cache_build [########################----] 1,726,245,841/2,000,528,163 tokens tok/s=1,119,753
cluster_partial_untied cache_build [########################----] 1,731,548,350/2,000,528,163 tokens tok/s=1,119,154
cluster_partial_untied cache_build [########################----] 1,736,714,845/2,000,528,163 tokens tok/s=1,118,658
cluster_partial_untied cache_build [########################----] 1,742,313,020/2,000,528,163 tokens tok/s=1,118,368
cluster_partial_untied cache_build [########################----] 1,747,479,014/2,000,528,163 tokens tok/s=1,117,690
cluster_partial_untied cache_build [########################----] 1,752,496,065/2,000,528,163 tokens tok/s=1,117,105
cluster_partial_untied cache_build [########################----] 1,757,328,528/2,000,528,163 tokens tok/s=1,116,540
cluster_partial_untied cache_build [########################----] 1,761,927,860/2,000,528,163 tokens tok/s=1,115,843
cluster_partial_untied cache_build [########################----] 1,766,791,285/2,000,528,163 tokens tok/s=1,114,977
cluster_partial_untied cache_build [########################----] 1,771,760,917/2,000,528,163 tokens tok/s=1,114,109
cluster_partial_untied cache_build [########################----] 1,776,143,825/2,000,528,163 tokens tok/s=1,113,324
cluster_partial_untied cache_build [########################----] 1,781,563,501/2,000,528,163 tokens tok/s=1,112,987
cluster_partial_untied cache_build [#########################---] 1,787,111,612/2,000,528,163 tokens tok/s=1,112,646
cluster_partial_untied cache_build [#########################---] 1,792,391,731/2,000,528,163 tokens tok/s=1,112,270
cluster_partial_untied cache_build [#########################---] 1,797,528,543/2,000,528,163 tokens tok/s=1,111,690
cluster_partial_untied cache_build [#########################---] 1,802,380,289/2,000,528,163 tokens tok/s=1,110,987
cluster_partial_untied cache_build [#########################---] 1,807,639,330/2,000,528,163 tokens tok/s=1,110,590
cluster_partial_untied cache_build [#########################---] 1,812,807,102/2,000,528,163 tokens tok/s=1,110,308
cluster_partial_untied cache_build [#########################---] 1,818,215,270/2,000,528,163 tokens tok/s=1,110,107
cluster_partial_untied cache_build [#########################---] 1,821,889,617/2,000,528,163 tokens tok/s=1,108,748
cluster_partial_untied cache_build [#########################---] 1,825,015,306/2,000,528,163 tokens tok/s=1,107,224
cluster_partial_untied cache_build [#########################---] 1,829,144,734/2,000,528,163 tokens tok/s=1,106,142
cluster_partial_untied cache_build [#########################---] 1,834,403,120/2,000,528,163 tokens tok/s=1,105,769
cluster_partial_untied cache_build [#########################---] 1,838,630,724/2,000,528,163 tokens tok/s=1,104,854
cluster_partial_untied cache_build [#########################---] 1,841,924,479/2,000,528,163 tokens tok/s=1,103,074
cluster_partial_untied cache_build [#########################---] 1,845,175,225/2,000,528,163 tokens tok/s=1,101,453
cluster_partial_untied cache_build [#########################---] 1,849,523,111/2,000,528,163 tokens tok/s=1,100,180
cluster_partial_untied cache_build [#########################---] 1,853,720,898/2,000,528,163 tokens tok/s=1,099,307
cluster_partial_untied cache_build [##########################--] 1,857,937,328/2,000,528,163 tokens tok/s=1,098,541
cluster_partial_untied cache_build [##########################--] 1,862,865,778/2,000,528,163 tokens tok/s=1,097,836
cluster_partial_untied cache_build [##########################--] 1,867,124,068/2,000,528,163 tokens tok/s=1,096,705
cluster_partial_untied cache_build [##########################--] 1,872,048,367/2,000,528,163 tokens tok/s=1,096,051
cluster_partial_untied cache_build [##########################--] 1,876,851,644/2,000,528,163 tokens tok/s=1,095,590
cluster_partial_untied cache_build [##########################--] 1,882,096,540/2,000,528,163 tokens tok/s=1,095,129
cluster_partial_untied cache_build [##########################--] 1,886,238,434/2,000,528,163 tokens tok/s=1,093,925
cluster_partial_untied cache_build [##########################--] 1,890,958,819/2,000,528,163 tokens tok/s=1,093,327
cluster_partial_untied cache_build [##########################--] 1,895,463,311/2,000,528,163 tokens tok/s=1,092,741
cluster_partial_untied cache_build [##########################--] 1,899,693,447/2,000,528,163 tokens tok/s=1,091,977
cluster_partial_untied cache_build [##########################--] 1,904,325,629/2,000,528,163 tokens tok/s=1,091,294
cluster_partial_untied cache_build [##########################--] 1,909,204,034/2,000,528,163 tokens tok/s=1,090,636
cluster_partial_untied cache_build [##########################--] 1,913,694,112/2,000,528,163 tokens tok/s=1,090,017
cluster_partial_untied cache_build [##########################--] 1,918,542,215/2,000,528,163 tokens tok/s=1,089,400
cluster_partial_untied cache_build [##########################--] 1,922,875,166/2,000,528,163 tokens tok/s=1,088,754
cluster_partial_untied cache_build [##########################--] 1,927,021,377/2,000,528,163 tokens tok/s=1,087,993
cluster_partial_untied cache_build [###########################-] 1,931,488,162/2,000,528,163 tokens tok/s=1,087,300
cluster_partial_untied cache_build [###########################-] 1,936,873,994/2,000,528,163 tokens tok/s=1,087,083
cluster_partial_untied cache_build [###########################-] 1,941,770,658/2,000,528,163 tokens tok/s=1,086,730
cluster_partial_untied cache_build [###########################-] 1,946,250,493/2,000,528,163 tokens tok/s=1,085,987
cluster_partial_untied cache_build [###########################-] 1,951,767,953/2,000,528,163 tokens tok/s=1,085,774
cluster_partial_untied cache_build [###########################-] 1,956,406,699/2,000,528,163 tokens tok/s=1,085,063
cluster_partial_untied cache_build [###########################-] 1,960,838,384/2,000,528,163 tokens tok/s=1,084,466
cluster_partial_untied cache_build [###########################-] 1,966,087,959/2,000,528,163 tokens tok/s=1,084,232
cluster_partial_untied cache_build [###########################-] 1,971,502,086/2,000,528,163 tokens tok/s=1,083,971
cluster_partial_untied cache_build [###########################-] 1,976,568,178/2,000,528,163 tokens tok/s=1,083,585
cluster_partial_untied cache_build [###########################-] 1,981,285,149/2,000,528,163 tokens tok/s=1,082,899
cluster_partial_untied cache_build [###########################-] 1,986,041,992/2,000,528,163 tokens tok/s=1,082,499
cluster_partial_untied cache_build [###########################-] 1,990,808,906/2,000,528,163 tokens tok/s=1,082,136
cluster_partial_untied cache_build [###########################-] 1,996,049,013/2,000,528,163 tokens tok/s=1,081,869
cluster_partial_untied cache_build [############################] 2,000,528,163/2,000,528,163 tokens tok/s=1,081,178
starting causal_conv_mixer_sampled_vocab_anchor16: params=79,999,460 seq=10160 steps=196851
