FRESH1B_AFTER2B_START 2026-06-03T17:53:56.2506387-05:00
resume_checkpoint=E:\CODEXRESEARCH\RESEARCH-1\artifacts\benchmark_runs\language\longseq_anchor16_80m_3b_lr1e3_continue_20260603\variant_results\seq10160_steps295276_val32_batch1_eval9843_init1_seed13\anchor16_2p205b_resume.pt
output_dir=E:\CODEXRESEARCH\RESEARCH-1\artifacts\benchmark_runs\language\longseq_anchor16_80m_fresh1b_after2b_20260603
cache_path=E:\CODEXRESEARCH\RESEARCH-1\artifacts\benchmark_runs\language\longseq_anchor16_80m_fresh1b_after2b_20260603\cache\fresh_after2b_plus_valskip_train1000106586_val325152_seq10160_gpt2.pt
source_train_token_offset=2000528163
fresh_train_blocks=98426 global_train_steps=315426
cluster_partial_untied cache_build [----------------------------] 0/1,000,106,586 tokens skipped=1,336,205/2,000,528,163 tok/s=266,145
cluster_partial_untied cache_build [----------------------------] 0/1,000,106,586 tokens skipped=2,810,804/2,000,528,163 tok/s=279,321
cluster_partial_untied cache_build [----------------------------] 0/1,000,106,586 tokens skipped=4,579,482/2,000,528,163 tok/s=302,851
cluster_partial_untied cache_build [----------------------------] 0/1,000,106,586 tokens skipped=6,431,633/2,000,528,163 tok/s=319,557
cluster_partial_untied cache_build [----------------------------] 0/1,000,106,586 tokens skipped=8,053,409/2,000,528,163 tok/s=319,970
cluster_partial_untied cache_build [----------------------------] 0/1,000,106,586 tokens skipped=9,980,715/2,000,528,163 tok/s=330,161
cluster_partial_untied cache_build [----------------------------] 0/1,000,106,586 tokens skipped=11,793,799/2,000,528,163 tok/s=334,528
cluster_partial_untied cache_build [----------------------------] 0/1,000,106,586 tokens skipped=13,459,681/2,000,528,163 tok/s=334,352
cluster_partial_untied cache_build [----------------------------] 0/1,000,106,586 tokens skipped=15,286,153/2,000,528,163 tok/s=337,190
cluster_partial_untied cache_build [----------------------------] 0/1,000,106,586 tokens skipped=17,069,163/2,000,528,163 tok/s=338,884
cluster_partial_untied cache_build [----------------------------] 0/1,000,106,586 tokens skipped=18,886,226/2,000,528,163 tok/s=340,738
cluster_partial_untied cache_build [----------------------------] 0/1,000,106,586 tokens skipped=20,842,831/2,000,528,163 tok/s=344,693
cluster_partial_untied cache_build [----------------------------] 0/1,000,106,586 tokens skipped=22,555,886/2,000,528,163 tok/s=344,370
cluster_partial_untied cache_build [----------------------------] 0/1,000,106,586 tokens skipped=24,511,727/2,000,528,163 tok/s=347,411
cluster_partial_untied cache_build [----------------------------] 0/1,000,106,586 tokens skipped=26,498,025/2,000,528,163 tok/s=350,313
cluster_partial_untied cache_build [----------------------------] 0/1,000,106,586 tokens skipped=27,928,661/2,000,528,163 tok/s=345,551
cluster_partial_untied cache_build [----------------------------] 0/1,000,106,586 tokens skipped=29,617,686/2,000,528,163 tok/s=345,066
cluster_partial_untied cache_build [----------------------------] 0/1,000,106,586 tokens skipped=31,524,600/2,000,528,163 tok/s=346,787
cluster_partial_untied cache_build [----------------------------] 0/1,000,106,586 tokens skipped=33,438,722/2,000,528,163 tok/s=348,538
cluster_partial_untied cache_build [----------------------------] 0/1,000,106,586 tokens skipped=35,263,156/2,000,528,163 tok/s=349,323
cluster_partial_untied cache_build [----------------------------] 0/1,000,106,586 tokens skipped=36,978,029/2,000,528,163 tok/s=349,016
cluster_partial_untied cache_build [----------------------------] 0/1,000,106,586 tokens skipped=38,991,717/2,000,528,163 tok/s=351,216
cluster_partial_untied cache_build [----------------------------] 0/1,000,106,586 tokens skipped=40,929,657/2,000,528,163 tok/s=352,661
cluster_partial_untied cache_build [----------------------------] 0/1,000,106,586 tokens skipped=42,891,492/2,000,528,163 tok/s=354,155
cluster_partial_untied cache_build [----------------------------] 0/1,000,106,586 tokens skipped=44,975,183/2,000,528,163 tok/s=356,520
cluster_partial_untied cache_build [----------------------------] 0/1,000,106,586 tokens skipped=47,085,676/2,000,528,163 tok/s=358,776
cluster_partial_untied cache_build [----------------------------] 0/1,000,106,586 tokens skipped=49,083,610/2,000,528,163 tok/s=360,189
cluster_partial_untied cache_build [----------------------------] 0/1,000,106,586 tokens skipped=51,116,565/2,000,528,163 tok/s=361,702
cluster_partial_untied cache_build [----------------------------] 0/1,000,106,586 tokens skipped=53,048,232/2,000,528,163 tok/s=362,414
cluster_partial_untied cache_build [----------------------------] 0/1,000,106,586 tokens skipped=55,096,584/2,000,528,163 tok/s=363,907
cluster_partial_untied cache_build [----------------------------] 0/1,000,106,586 tokens skipped=57,126,459/2,000,528,163 tok/s=365,195
cluster_partial_untied cache_build [----------------------------] 0/1,000,106,586 tokens skipped=59,185,800/2,000,528,163 tok/s=366,558
cluster_partial_untied cache_build [----------------------------] 0/1,000,106,586 tokens skipped=61,206,094/2,000,528,163 tok/s=367,579
cluster_partial_untied cache_build [----------------------------] 0/1,000,106,586 tokens skipped=63,299,228/2,000,528,163 tok/s=368,962
cluster_partial_untied cache_build [----------------------------] 0/1,000,106,586 tokens skipped=65,398,009/2,000,528,163 tok/s=370,224
cluster_partial_untied cache_build [----------------------------] 0/1,000,106,586 tokens skipped=67,518,370/2,000,528,163 tok/s=371,669
cluster_partial_untied cache_build [----------------------------] 0/1,000,106,586 tokens skipped=69,646,171/2,000,528,163 tok/s=372,989
cluster_partial_untied cache_build [----------------------------] 0/1,000,106,586 tokens skipped=71,760,123/2,000,528,163 tok/s=374,235
cluster_partial_untied cache_build [----------------------------] 0/1,000,106,586 tokens skipped=73,809,931/2,000,528,163 tok/s=375,140
cluster_partial_untied cache_build [----------------------------] 0/1,000,106,586 tokens skipped=75,807,566/2,000,528,163 tok/s=375,682
cluster_partial_untied cache_build [----------------------------] 0/1,000,106,586 tokens skipped=77,867,650/2,000,528,163 tok/s=376,509
cluster_partial_untied cache_build [----------------------------] 0/1,000,106,586 tokens skipped=79,976,245/2,000,528,163 tok/s=377,484
cluster_partial_untied cache_build [----------------------------] 0/1,000,106,586 tokens skipped=82,096,848/2,000,528,163 tok/s=378,443
cluster_partial_untied cache_build [----------------------------] 0/1,000,106,586 tokens skipped=84,219,860/2,000,528,163 tok/s=379,348
cluster_partial_untied cache_build [----------------------------] 0/1,000,106,586 tokens skipped=86,336,801/2,000,528,163 tok/s=380,241
cluster_partial_untied cache_build [----------------------------] 0/1,000,106,586 tokens skipped=88,376,532/2,000,528,163 tok/s=380,793
cluster_partial_untied cache_build [----------------------------] 0/1,000,106,586 tokens skipped=90,435,166/2,000,528,163 tok/s=381,354
cluster_partial_untied cache_build [----------------------------] 0/1,000,106,586 tokens skipped=92,572,509/2,000,528,163 tok/s=382,172
cluster_partial_untied cache_build [----------------------------] 0/1,000,106,586 tokens skipped=94,687,570/2,000,528,163 tok/s=382,866
cluster_partial_untied cache_build [----------------------------] 0/1,000,106,586 tokens skipped=96,784,210/2,000,528,163 tok/s=383,559
cluster_partial_untied cache_build [----------------------------] 0/1,000,106,586 tokens skipped=98,913,387/2,000,528,163 tok/s=384,251
cluster_partial_untied cache_build [----------------------------] 0/1,000,106,586 tokens skipped=100,949,600/2,000,528,163 tok/s=384,688
cluster_partial_untied cache_build [----------------------------] 0/1,000,106,586 tokens skipped=102,862,827/2,000,528,163 tok/s=384,593
cluster_partial_untied cache_build [----------------------------] 0/1,000,106,586 tokens skipped=104,879,108/2,000,528,163 tok/s=384,877
cluster_partial_untied cache_build [----------------------------] 0/1,000,106,586 tokens skipped=106,966,307/2,000,528,163 tok/s=385,461
cluster_partial_untied cache_build [----------------------------] 0/1,000,106,586 tokens skipped=109,057,329/2,000,528,163 tok/s=386,026
cluster_partial_untied cache_build [----------------------------] 0/1,000,106,586 tokens skipped=111,061,428/2,000,528,163 tok/s=386,225
cluster_partial_untied cache_build [----------------------------] 0/1,000,106,586 tokens skipped=112,887,798/2,000,528,163 tok/s=385,832
cluster_partial_untied cache_build [----------------------------] 0/1,000,106,586 tokens skipped=114,802,330/2,000,528,163 tok/s=385,739
cluster_partial_untied cache_build [----------------------------] 0/1,000,106,586 tokens skipped=116,855,977/2,000,528,163 tok/s=386,033
cluster_partial_untied cache_build [----------------------------] 0/1,000,106,586 tokens skipped=118,948,929/2,000,528,163 tok/s=386,538
cluster_partial_untied cache_build [----------------------------] 0/1,000,106,586 tokens skipped=121,034,652/2,000,528,163 tok/s=387,022
cluster_partial_untied cache_build [----------------------------] 0/1,000,106,586 tokens skipped=123,134,403/2,000,528,163 tok/s=387,513
cluster_partial_untied cache_build [----------------------------] 0/1,000,106,586 tokens skipped=125,211,305/2,000,528,163 tok/s=387,893
cluster_partial_untied cache_build [----------------------------] 0/1,000,106,586 tokens skipped=127,318,922/2,000,528,163 tok/s=388,335
cluster_partial_untied cache_build [----------------------------] 0/1,000,106,586 tokens skipped=129,390,640/2,000,528,163 tok/s=388,690
cluster_partial_untied cache_build [----------------------------] 0/1,000,106,586 tokens skipped=131,440,925/2,000,528,163 tok/s=388,920
cluster_partial_untied cache_build [----------------------------] 0/1,000,106,586 tokens skipped=133,508,473/2,000,528,163 tok/s=389,198
cluster_partial_untied cache_build [----------------------------] 0/1,000,106,586 tokens skipped=135,581,393/2,000,528,163 tok/s=389,557
cluster_partial_untied cache_build [----------------------------] 0/1,000,106,586 tokens skipped=137,628,506/2,000,528,163 tok/s=389,815
cluster_partial_untied cache_build [----------------------------] 0/1,000,106,586 tokens skipped=139,727,030/2,000,528,163 tok/s=390,196
cluster_partial_untied cache_build [----------------------------] 0/1,000,106,586 tokens skipped=141,765,674/2,000,528,163 tok/s=390,375
cluster_partial_untied cache_build [----------------------------] 0/1,000,106,586 tokens skipped=143,596,168/2,000,528,163 tok/s=389,941
cluster_partial_untied cache_build [----------------------------] 0/1,000,106,586 tokens skipped=145,554,714/2,000,528,163 tok/s=389,924
cluster_partial_untied cache_build [----------------------------] 0/1,000,106,586 tokens skipped=147,576,021/2,000,528,163 tok/s=390,084
cluster_partial_untied cache_build [----------------------------] 0/1,000,106,586 tokens skipped=149,613,746/2,000,528,163 tok/s=390,277
cluster_partial_untied cache_build [----------------------------] 0/1,000,106,586 tokens skipped=151,714,941/2,000,528,163 tok/s=390,587
cluster_partial_untied cache_build [----------------------------] 0/1,000,106,586 tokens skipped=153,709,015/2,000,528,163 tok/s=390,656
cluster_partial_untied cache_build [----------------------------] 0/1,000,106,586 tokens skipped=155,780,390/2,000,528,163 tok/s=390,868
cluster_partial_untied cache_build [----------------------------] 0/1,000,106,586 tokens skipped=157,760,064/2,000,528,163 tok/s=390,918
cluster_partial_untied cache_build [----------------------------] 0/1,000,106,586 tokens skipped=159,740,069/2,000,528,163 tok/s=390,978
cluster_partial_untied cache_build [----------------------------] 0/1,000,106,586 tokens skipped=161,627,985/2,000,528,163 tok/s=390,743
cluster_partial_untied cache_build [----------------------------] 0/1,000,106,586 tokens skipped=163,445,339/2,000,528,163 tok/s=390,381
cluster_partial_untied cache_build [----------------------------] 0/1,000,106,586 tokens skipped=165,032,268/2,000,528,163 tok/s=389,443
cluster_partial_untied cache_build [----------------------------] 0/1,000,106,586 tokens skipped=166,873,790/2,000,528,163 tok/s=389,192
cluster_partial_untied cache_build [----------------------------] 0/1,000,106,586 tokens skipped=168,673,248/2,000,528,163 tok/s=388,804
cluster_partial_untied cache_build [----------------------------] 0/1,000,106,586 tokens skipped=170,493,702/2,000,528,163 tok/s=388,500
cluster_partial_untied cache_build [----------------------------] 0/1,000,106,586 tokens skipped=172,003,117/2,000,528,163 tok/s=387,455
cluster_partial_untied cache_build [----------------------------] 0/1,000,106,586 tokens skipped=173,061,691/2,000,528,163 tok/s=385,451
cluster_partial_untied cache_build [----------------------------] 0/1,000,106,586 tokens skipped=174,762,285/2,000,528,163 tok/s=384,821
cluster_partial_untied cache_build [----------------------------] 0/1,000,106,586 tokens skipped=176,701,158/2,000,528,163 tok/s=384,776
cluster_partial_untied cache_build [----------------------------] 0/1,000,106,586 tokens skipped=178,474,846/2,000,528,163 tok/s=384,435
cluster_partial_untied cache_build [----------------------------] 0/1,000,106,586 tokens skipped=180,331,386/2,000,528,163 tok/s=384,293
cluster_partial_untied cache_build [----------------------------] 0/1,000,106,586 tokens skipped=181,581,836/2,000,528,163 tok/s=382,848
cluster_partial_untied cache_build [----------------------------] 0/1,000,106,586 tokens skipped=183,040,754/2,000,528,163 tok/s=381,862
cluster_partial_untied cache_build [----------------------------] 0/1,000,106,586 tokens skipped=184,614,065/2,000,528,163 tok/s=381,159
cluster_partial_untied cache_build [----------------------------] 0/1,000,106,586 tokens skipped=186,319,668/2,000,528,163 tok/s=380,677
cluster_partial_untied cache_build [----------------------------] 0/1,000,106,586 tokens skipped=187,617,378/2,000,528,163 tok/s=379,351
cluster_partial_untied cache_build [----------------------------] 0/1,000,106,586 tokens skipped=188,821,730/2,000,528,163 tok/s=377,902
cluster_partial_untied cache_build [----------------------------] 0/1,000,106,586 tokens skipped=190,289,625/2,000,528,163 tok/s=377,039
cluster_partial_untied cache_build [----------------------------] 0/1,000,106,586 tokens skipped=191,727,527/2,000,528,163 tok/s=376,148
cluster_partial_untied cache_build [----------------------------] 0/1,000,106,586 tokens skipped=193,463,190/2,000,528,163 tok/s=375,856
cluster_partial_untied cache_build [----------------------------] 0/1,000,106,586 tokens skipped=195,040,997/2,000,528,163 tok/s=375,226
cluster_partial_untied cache_build [----------------------------] 0/1,000,106,586 tokens skipped=196,622,702/2,000,528,163 tok/s=374,575
cluster_partial_untied cache_build [----------------------------] 0/1,000,106,586 tokens skipped=198,327,658/2,000,528,163 tok/s=374,249
cluster_partial_untied cache_build [----------------------------] 0/1,000,106,586 tokens skipped=199,480,097/2,000,528,163 tok/s=372,887
cluster_partial_untied cache_build [----------------------------] 0/1,000,106,586 tokens skipped=201,022,572/2,000,528,163 tok/s=372,271
cluster_partial_untied cache_build [----------------------------] 0/1,000,106,586 tokens skipped=202,474,157/2,000,528,163 tok/s=371,228
FRESH1B_AFTER2B_EXIT=-1073740791 2026-06-03T18:03:47.4953838-05:00
