START_ARM architecture=delta_router seed=13
LOADED_CANDIDATE_IDS path=/home/dev/data/finewebedu_train100014723_val325152_seq10160_gpt2.pt.top32768.pt count=32768
START run=delta_router_350m_100m_seed13_20260818_203320 device=NVIDIA H100 80GB HBM3 params=349,401,942 seq=10160 batch=8 steps=1230 amp=bf16 compile=True collapsed_conv=True architecture=delta_router loss_kernel=torch
TRAIN step=1/1230 tokens=81280 loss=10.6268 lr=2e-06 grad=0.684 pure_tok_s=nan roll100_tok_s=nan
TRAIN step=50/1230 tokens=4064000 loss=7.3801 lr=0.0001 grad=1.812 pure_tok_s=140300 roll100_tok_s=140300
TRAIN step=100/1230 tokens=8128000 loss=6.6924 lr=0.0002 grad=2.019 pure_tok_s=138382 roll100_tok_s=138382
TRAIN step=150/1230 tokens=12192000 loss=6.4360 lr=0.000199132 grad=1.967 pure_tok_s=139344 roll100_tok_s=139013
TRAIN step=200/1230 tokens=16256000 loss=6.0552 lr=0.000196544 grad=1.402 pure_tok_s=140168 roll100_tok_s=141722
EVAL_FULL_VOCAB step=246/1230 tokens=19994880 train=6.0626 val_full=6.0036 eval_s=1.3
TRAIN step=250/1230 tokens=20320000 loss=5.9853 lr=0.000192287 grad=1.000 pure_tok_s=141469 roll100_tok_s=144441
TRAIN step=300/1230 tokens=24384000 loss=5.8985 lr=0.000186442 grad=1.025 pure_tok_s=142090 roll100_tok_s=145789
TRAIN step=350/1230 tokens=28448000 loss=5.7021 lr=0.000179122 grad=1.146 pure_tok_s=142164 roll100_tok_s=143825
TRAIN step=400/1230 tokens=32512000 loss=5.5022 lr=0.000170469 grad=0.869 pure_tok_s=142354 roll100_tok_s=143112
TRAIN step=450/1230 tokens=36576000 loss=5.4198 lr=0.00016065 grad=1.210 pure_tok_s=142655 roll100_tok_s=144324
EVAL_FULL_VOCAB step=492/1230 tokens=39989760 train=5.4019 val_full=5.3756 eval_s=1.2
TRAIN step=500/1230 tokens=40640000 loss=5.3566 lr=0.000149853 grad=0.894 pure_tok_s=142745 roll100_tok_s=144271
TRAIN step=550/1230 tokens=44704000 loss=5.3364 lr=0.000138287 grad=0.833 pure_tok_s=142537 roll100_tok_s=142026
TRAIN step=600/1230 tokens=48768000 loss=5.2018 lr=0.000126176 grad=1.051 pure_tok_s=142690 roll100_tok_s=142422
TRAIN step=650/1230 tokens=52832000 loss=5.1726 lr=0.000113752 grad=0.995 pure_tok_s=142830 roll100_tok_s=144418
TRAIN step=700/1230 tokens=56896000 loss=5.1145 lr=0.000101256 grad=0.839 pure_tok_s=143051 roll100_tok_s=145203
EVAL_FULL_VOCAB step=738/1230 tokens=59984640 train=5.0846 val_full=5.0794 eval_s=1.2
TRAIN step=750/1230 tokens=60960000 loss=5.0703 lr=8.89291e-05 grad=0.827 pure_tok_s=142753 roll100_tok_s=142264
TRAIN step=800/1230 tokens=65024000 loss=5.0682 lr=7.70084e-05 grad=0.850 pure_tok_s=143092 roll100_tok_s=143374
TRAIN step=850/1230 tokens=69088000 loss=4.9939 lr=6.57242e-05 grad=0.764 pure_tok_s=142696 roll100_tok_s=142285
TRAIN step=900/1230 tokens=73152000 loss=4.9795 lr=5.52942e-05 grad=0.734 pure_tok_s=142636 roll100_tok_s=139152
TRAIN step=950/1230 tokens=77216000 loss=4.9617 lr=4.59196e-05 grad=0.784 pure_tok_s=142652 roll100_tok_s=142284
EVAL_FULL_VOCAB step=984/1230 tokens=79979520 train=4.9242 val_full=4.9241 eval_s=1.2
TRAIN step=1000/1230 tokens=81280000 loss=5.0094 lr=3.77813e-05 grad=0.739 pure_tok_s=142747 roll100_tok_s=143732
TRAIN step=1050/1230 tokens=85344000 loss=4.9659 lr=3.10362e-05 grad=0.686 pure_tok_s=142680 roll100_tok_s=142945
TRAIN step=1100/1230 tokens=89408000 loss=4.8238 lr=2.58145e-05 grad=0.717 pure_tok_s=142815 roll100_tok_s=143491
TRAIN step=1150/1230 tokens=93472000 loss=4.8550 lr=2.22169e-05 grad=0.751 pure_tok_s=142764 roll100_tok_s=143636
TRAIN step=1200/1230 tokens=97536000 loss=4.9099 lr=2.03129e-05 grad=0.787 pure_tok_s=142928 roll100_tok_s=144173
EVAL_FULL_VOCAB step=1230/1230 tokens=99974400 train=4.8568 val_full=4.8490 eval_s=1.2
RESULT {"cache_load_seconds": 0.0045909109994681785, "candidate_size_mean": 33533.181300813005, "checkpoint_path": "/home/dev/research1-runs/h100-architecture-matrix/delta_router_350m_100m_seed13_20260818_203320/checkpoint.pt", "final_train_loss": 4.856799125671387, "final_val_loss_full_vocab": 4.849019723074643, "history": [{"eval_seconds": 1.2602999239998098, "grad_norm": 1.2010672092437744, "learning_rate": 0.00019268709290151591, "peak_allocated_mb": 59701.5283203125, "peak_reserved_mb": 64566.0, "pure_train_tok_per_sec": 141492.47851203848, "rolling_100_tok_per_sec": 144123.2259312721, "step": 246.0, "tokens_seen": 19994880.0, "train_loss": 6.062649726867676, "val_loss_full_vocab": 6.0036366090295825}, {"eval_seconds": 1.2305127969993919, "grad_norm": 0.9875346422195435, "learning_rate": 0.0001516375005781443, "peak_allocated_mb": 59701.5283203125, "peak_reserved_mb": 64568.0, "pure_train_tok_per_sec": 142645.1094687391, "rolling_100_tok_per_sec": 143921.832096273, "step": 492.0, "tokens_seen": 39989760.0, "train_loss": 5.40194034576416, "val_loss_full_vocab": 5.3756397821067825}, {"eval_seconds": 1.2348969659997238, "grad_norm": 0.8055241107940674, "learning_rate": 9.185941512983153e-05, "peak_allocated_mb": 59701.5283203125, "peak_reserved_mb": 64608.0, "pure_train_tok_per_sec": 142882.34167202166, "rolling_100_tok_per_sec": 142436.5325955269, "step": 738.0, "tokens_seen": 59984640.0, "train_loss": 5.084603309631348, "val_loss_full_vocab": 5.07935364086797}, {"eval_seconds": 1.240836656999818, "grad_norm": 0.7540133595466614, "learning_rate": 4.0240940952750945e-05, "peak_allocated_mb": 59701.5283203125, "peak_reserved_mb": 64608.0, "pure_train_tok_per_sec": 142697.1591390046, "rolling_100_tok_per_sec": 143656.72065383723, "step": 984.0, "tokens_seen": 79979520.0, "train_loss": 4.924233436584473, "val_loss_full_vocab": 4.924080628837188}, {"eval_seconds": 1.2311853299997892, "grad_norm": 0.7158646583557129, "learning_rate": 2e-05, "peak_allocated_mb": 59701.5283203125, "peak_reserved_mb": 64608.0, "pure_train_tok_per_sec": 142973.1468062878, "rolling_100_tok_per_sec": 144542.23879827253, "step": 1230.0, "tokens_seen": 99974400.0, "train_loss": 4.856799125671387, "val_loss_full_vocab": 4.849019723074643}], "metrics_csv": "/home/dev/research1-runs/h100-architecture-matrix/delta_router_350m_100m_seed13_20260818_203320/metrics.csv", "metrics_jsonl": "/home/dev/research1-runs/h100-architecture-matrix/delta_router_350m_100m_seed13_20260818_203320/metrics.jsonl", "parameter_count": 349401942, "peak_allocated_mb": 59701.5283203125, "peak_reserved_mb": 64608.0, "pure_train_tok_per_sec": 142973.1468062878, "step_time_mean_ms": 572.0981715577248, "step_time_median_ms": 519.0155435002453, "train_tokens_seen": 99974400, "wall_tok_per_sec": 140658.99525042402}
END_ARM architecture=delta_router seed=13 exit=0
